15:02:34 **** Incremental Build of configuration Debug for project blink_plain_C ****
make -j32 all 
arm-none-eabi-size   blink_plain_C.elf 
   text	   data	    bss	    dec	    hex	filename
    824	     16	   1568	   2408	    968	blink_plain_C.elf
Finished building: default.size.stdout
 
15:02:43 **** Incremental Build of configuration Debug for project blink_plain_C ****
make -j32 all 
arm-none-eabi-size   blink_plain_C.elf 
   text	   data	    bss	    dec	    hex	filename
    824	     16	   1568	   2408	    968	blink_plain_C.elf
Finished building: default.size.stdout
 
15:03:15 **** Incremental Build of configuration Debug for project blink_plain_C ****
make -j32 all 
arm-none-eabi-size   blink_plain_C.elf 
   text	   data	    bss	    dec	    hex	filename
    824	     16	   1568	   2408	    968	blink_plain_C.elf
Finished building: default.size.stdout
 
15:03:55 **** Build of configuration Debug for project blink_pure_asm ****
make -j32 all 
arm-none-eabi-size   blink_pure_asm.elf 
   text	   data	    bss	    dec	    hex	filename
    744	     16	   1568	   2328	    918	blink_pure_asm.elf
Finished building: default.size.stdout
 
15:04:22 **** Incremental Build of configuration Debug for project blink_pure_asm ****
make -j32 all 
arm-none-eabi-size   blink_pure_asm.elf 
   text	   data	    bss	    dec	    hex	filename
    744	     16	   1568	   2328	    918	blink_pure_asm.elf
Finished building: default.size.stdout
 
15:04:39 **** Incremental Build of configuration Debug for project blink_plain_C ****
make -j32 all 
arm-none-eabi-size   blink_plain_C.elf 
   text	   data	    bss	    dec	    hex	filename
    824	     16	   1568	   2408	    968	blink_plain_C.elf
Finished building: default.size.stdout
 
15:05:48 **** Incremental Build of configuration Debug for project blink_plain_C ****
make -j32 all 
arm-none-eabi-size   blink_plain_C.elf 
   text	   data	    bss	    dec	    hex	filename
    824	     16	   1568	   2408	    968	blink_plain_C.elf
Finished building: default.size.stdout
 
14:33:18 **** Clean-only build of configuration Debug for project CG2028_Assign1 ****
make -j32 clean 
rm -rf ./Startup/startup_stm32l475vgtx.d ./Startup/startup_stm32l475vgtx.o
rm -rf ./Src/convolve.d ./Src/convolve.o ./Src/main.cyclo ./Src/main.d ./Src/main.o ./Src/main.su ./Src/sysmem.cyclo ./Src/sysmem.d ./Src/sysmem.o ./Src/sysmem.su
rm -rf CG2028_Assign1.elf CG2028_Assign1.list CG2028_Assign1.map default.size.stdout
 
14:33:18 **** Build of configuration Debug for project CG2028_Assign1 ****
make -j32 all 
arm-none-eabi-gcc -mcpu=cortex-m4 -g3 -c -x assembler-with-cpp -MMD -MP -MF"Startup/startup_stm32l475vgtx.d" -MT"Startup/startup_stm32l475vgtx.o" --specs=nano.specs -mfpu=fpv4-sp-d16 -mfloat-abi=hard -mthumb -o "Startup/startup_stm32l475vgtx.o" "../Startup/startup_stm32l475vgtx.s"
arm-none-eabi-gcc -mcpu=cortex-m4 -g3 -c -x assembler-with-cpp -MMD -MP -MF"Src/convolve.d" -MT"Src/convolve.o" --specs=nano.specs -mfpu=fpv4-sp-d16 -mfloat-abi=hard -mthumb -o "Src/convolve.o" "../Src/convolve.s"
arm-none-eabi-gcc "../Src/main.c" -mcpu=cortex-m4 -std=gnu11 -g3 -DSTM32L4 -DSTM32 -DDEBUG -DSTM32L475VGTx -c -I../Inc -O0 -ffunction-sections -fdata-sections -Wall -fstack-usage -MMD -MP -MF"Src/main.d" -MT"Src/main.o" --specs=nano.specs -mfpu=fpv4-sp-d16 -mfloat-abi=hard -mthumb -o "Src/main.o"
arm-none-eabi-gcc "../Src/sysmem.c" -mcpu=cortex-m4 -std=gnu11 -g3 -DSTM32L4 -DSTM32 -DDEBUG -DSTM32L475VGTx -c -I../Inc -O0 -ffunction-sections -fdata-sections -Wall -fstack-usage -MMD -MP -MF"Src/sysmem.d" -MT"Src/sysmem.o" --specs=nano.specs -mfpu=fpv4-sp-d16 -mfloat-abi=hard -mthumb -o "Src/sysmem.o"
arm-none-eabi-gcc -o "CG2028_Assign1.elf" @"objects.list"  -lrdimon -mcpu=cortex-m4 -T"C:\Users\USER\Desktop\CG2028\CG2028_Assign1\CG2028_Assign1\STM32L475VGTX_FLASH.ld" --specs=nosys.specs -Wl,-Map="CG2028_Assign1.map" -Wl,--gc-sections -static -specs=rdimon.specs --specs=nano.specs -mfpu=fpv4-sp-d16 -mfloat-abi=hard -mthumb -u _printf_float -Wl,--start-group -lc -lm -Wl,--end-group
Finished building target: CG2028_Assign1.elf
 
arm-none-eabi-size   CG2028_Assign1.elf 
arm-none-eabi-objdump -h -S  CG2028_Assign1.elf  > "CG2028_Assign1.list"
   text	   data	    bss	    dec	    hex	filename
  17308	    480	   1760	  19548	   4c5c	CG2028_Assign1.elf
Finished building: default.size.stdout
 
Finished building: CG2028_Assign1.list
 
14:35:06 **** Incremental Build of configuration Debug for project CG2028_Assign1 ****
make -j32 all 
arm-none-eabi-size   CG2028_Assign1.elf 
   text	   data	    bss	    dec	    hex	filename
  17308	    480	   1760	  19548	   4c5c	CG2028_Assign1.elf
Finished building: default.size.stdout
 
14:35:26 **** Incremental Build of configuration Debug for project CG2028_Assign1 ****
make -j32 all 
arm-none-eabi-size   CG2028_Assign1.elf 
   text	   data	    bss	    dec	    hex	filename
  17308	    480	   1760	  19548	   4c5c	CG2028_Assign1.elf
Finished building: default.size.stdout
 
14:35:58 **** Incremental Build of configuration Debug for project CG2028_Assign1 ****
make -j32 all 
arm-none-eabi-size   CG2028_Assign1.elf 
   text	   data	    bss	    dec	    hex	filename
  17308	    480	   1760	  19548	   4c5c	CG2028_Assign1.elf
Finished building: default.size.stdout
 
14:36:26 **** Incremental Build of configuration Debug for project CG2028_Assign1 ****
make -j32 all 
arm-none-eabi-size   CG2028_Assign1.elf 
   text	   data	    bss	    dec	    hex	filename
  17308	    480	   1760	  19548	   4c5c	CG2028_Assign1.elf
Finished building: default.size.stdout
 
14:37:10 **** Incremental Build of configuration Debug for project CG2028_Assign1 ****
make -j32 all 
arm-none-eabi-size   CG2028_Assign1.elf 
   text	   data	    bss	    dec	    hex	filename
  17308	    480	   1760	  19548	   4c5c	CG2028_Assign1.elf
Finished building: default.size.stdout
 
14:37:37 **** Incremental Build of configuration Debug for project CG2028_Assign1 ****
make -j32 all 
arm-none-eabi-size   CG2028_Assign1.elf 
   text	   data	    bss	    dec	    hex	filename
  17308	    480	   1760	  19548	   4c5c	CG2028_Assign1.elf
Finished building: default.size.stdout
 
14:38:04 **** Incremental Build of configuration Debug for project CG2028_Assign1 ****
make -j32 all 
arm-none-eabi-size   CG2028_Assign1.elf 
   text	   data	    bss	    dec	    hex	filename
  17308	    480	   1760	  19548	   4c5c	CG2028_Assign1.elf
Finished building: default.size.stdout
 
14:38:35 **** Incremental Build of configuration Debug for project CG2028_Assign1 ****
make -j32 all 
arm-none-eabi-size   CG2028_Assign1.elf 
   text	   data	    bss	    dec	    hex	filename
  17308	    480	   1760	  19548	   4c5c	CG2028_Assign1.elf
Finished building: default.size.stdout
 
14:39:03 **** Incremental Build of configuration Debug for project CG2028_Assign1 ****
make -j32 all 
arm-none-eabi-size   CG2028_Assign1.elf 
   text	   data	    bss	    dec	    hex	filename
  17308	    480	   1760	  19548	   4c5c	CG2028_Assign1.elf
Finished building: default.size.stdout
 
14:39:23 **** Incremental Build of configuration Debug for project CG2028_Assign1 ****
make -j32 all 
arm-none-eabi-size   CG2028_Assign1.elf 
   text	   data	    bss	    dec	    hex	filename
  17308	    480	   1760	  19548	   4c5c	CG2028_Assign1.elf
Finished building: default.size.stdout
 
14:39:54 **** Incremental Build of configuration Debug for project CG2028_Assign1 ****
make -j32 all 
arm-none-eabi-size   CG2028_Assign1.elf 
   text	   data	    bss	    dec	    hex	filename
  17308	    480	   1760	  19548	   4c5c	CG2028_Assign1.elf
Finished building: default.size.stdout
 
14:40:07 **** Incremental Build of configuration Debug for project CG2028_Assign1 ****
make -j32 all 
arm-none-eabi-size   CG2028_Assign1.elf 
   text	   data	    bss	    dec	    hex	filename
  17308	    480	   1760	  19548	   4c5c	CG2028_Assign1.elf
Finished building: default.size.stdout
 
14:41:50 **** Incremental Build of configuration Debug for project CG2028_Assign1 ****
make -j32 all 
arm-none-eabi-size   CG2028_Assign1.elf 
   text	   data	    bss	    dec	    hex	filename
  17308	    480	   1760	  19548	   4c5c	CG2028_Assign1.elf
Finished building: default.size.stdout
 
14:43:43 **** Incremental Build of configuration Debug for project CG2028_Assign1 ****
make -j32 all 
arm-none-eabi-size   CG2028_Assign1.elf 
   text	   data	    bss	    dec	    hex	filename
  17308	    480	   1760	  19548	   4c5c	CG2028_Assign1.elf
Finished building: default.size.stdout
 
14:57:49 **** Incremental Build of configuration Debug for project CG2028_Assign1 ****
make -j32 all 
arm-none-eabi-gcc -mcpu=cortex-m4 -g3 -c -x assembler-with-cpp -MMD -MP -MF"Src/convolve.d" -MT"Src/convolve.o" --specs=nano.specs -mfpu=fpv4-sp-d16 -mfloat-abi=hard -mthumb -o "Src/convolve.o" "../Src/convolve.s"
arm-none-eabi-gcc -o "CG2028_Assign1.elf" @"objects.list"  -lrdimon -mcpu=cortex-m4 -T"C:\Users\USER\Desktop\CG2028\CG2028_Assign1\CG2028_Assign1\STM32L475VGTX_FLASH.ld" --specs=nosys.specs -Wl,-Map="CG2028_Assign1.map" -Wl,--gc-sections -static -specs=rdimon.specs --specs=nano.specs -mfpu=fpv4-sp-d16 -mfloat-abi=hard -mthumb -u _printf_float -Wl,--start-group -lc -lm -Wl,--end-group
Finished building target: CG2028_Assign1.elf
 
arm-none-eabi-size   CG2028_Assign1.elf 
arm-none-eabi-objdump -h -S  CG2028_Assign1.elf  > "CG2028_Assign1.list"
   text	   data	    bss	    dec	    hex	filename
  17308	    480	   1760	  19548	   4c5c	CG2028_Assign1.elf
Finished building: default.size.stdout
 
Finished building: CG2028_Assign1.list
 
15:02:34 **** Incremental Build of configuration Debug for project CG2028_Assign1 ****
make -j32 all 
arm-none-eabi-gcc -mcpu=cortex-m4 -g3 -c -x assembler-with-cpp -MMD -MP -MF"Src/convolve.d" -MT"Src/convolve.o" --specs=nano.specs -mfpu=fpv4-sp-d16 -mfloat-abi=hard -mthumb -o "Src/convolve.o" "../Src/convolve.s"
arm-none-eabi-gcc -o "CG2028_Assign1.elf" @"objects.list"  -lrdimon -mcpu=cortex-m4 -T"C:\Users\USER\Desktop\CG2028\CG2028_Assign1\CG2028_Assign1\STM32L475VGTX_FLASH.ld" --specs=nosys.specs -Wl,-Map="CG2028_Assign1.map" -Wl,--gc-sections -static -specs=rdimon.specs --specs=nano.specs -mfpu=fpv4-sp-d16 -mfloat-abi=hard -mthumb -u _printf_float -Wl,--start-group -lc -lm -Wl,--end-group
Finished building target: CG2028_Assign1.elf
 
arm-none-eabi-size   CG2028_Assign1.elf 
arm-none-eabi-objdump -h -S  CG2028_Assign1.elf  > "CG2028_Assign1.list"
   text	   data	    bss	    dec	    hex	filename
  17308	    480	   1760	  19548	   4c5c	CG2028_Assign1.elf
Finished building: default.size.stdout
 
Finished building: CG2028_Assign1.list
 
